src/App.tsx(10,3): error TS6133: 'Clock' is declared but its value is never read.
src/App.tsx(12,3): error TS6133: 'ChevronRight' is declared but its value is never read.
src/App.tsx(144,14): error TS2304: Cannot find name 'Shield'.
src/components/AdminDashboard.tsx(91,79): error TS2322: Type '{ size: number; className: string; title: string; }' is not assignable to type 'IntrinsicAttributes & Omit<LucideProps, "ref"> & RefAttributes<SVGSVGElement>'.
  Property 'title' does not exist on type 'IntrinsicAttributes & Omit<LucideProps, "ref"> & RefAttributes<SVGSVGElement>'.
src/components/AdminDashboard.tsx(124,78): error TS2322: Type '{ size: number; className: string; title: string; }' is not assignable to type 'IntrinsicAttributes & Omit<LucideProps, "ref"> & RefAttributes<SVGSVGElement>'.
  Property 'title' does not exist on type 'IntrinsicAttributes & Omit<LucideProps, "ref"> & RefAttributes<SVGSVGElement>'.
