src/components/AdminDashboard.tsx(51,18): error TS2345: Argument of type '{ activeMeetings: number; totalMeetingsToday: number; avgDuration: string; bandwidth: string; }' is not assignable to parameter of type 'SetStateAction<{ activeMeetings: number; totalMeetingsToday: number; avgDuration: string; bandwidth: string; totalUsers: number; }>'.
  Property 'totalUsers' is missing in type '{ activeMeetings: number; totalMeetingsToday: number; avgDuration: string; bandwidth: string; }' but required in type '{ activeMeetings: number; totalMeetingsToday: number; avgDuration: string; bandwidth: string; totalUsers: number; }'.
